// Jest Snapshot v1, https://goo.gl/fbAQLP

exports[`Snapshot 1`] = `
Object {
  "Resources": Object {
    "CodebuildEE61DA16": Object {
      "Properties": Object {
        "Artifacts": Object {
          "Location": Object {
            "Ref": "shopifyappbuildD540C5AD",
          },
          "Name": "shopify-app-build-results",
          "NamespaceType": "BUILD_ID",
          "Packaging": "NONE",
          "Type": "S3",
        },
        "Cache": Object {
          "Location": Object {
            "Fn::Join": Array [
              "/",
              Array [
                Object {
                  "Ref": "shopifyappbuildD540C5AD",
                },
                Object {
                  "Ref": "AWS::NoValue",
                },
              ],
            ],
          },
          "Type": "S3",
        },
        "EncryptionKey": "alias/aws/s3",
        "Environment": Object {
          "ComputeType": "BUILD_GENERAL1_SMALL",
          "Image": "aws/codebuild/amazonlinux2-x86_64-standard:3.0",
          "ImagePullCredentialsType": "CODEBUILD",
          "PrivilegedMode": false,
          "Type": "LINUX_CONTAINER",
        },
        "Name": "shopify-app-build",
        "ServiceRole": Object {
          "Fn::GetAtt": Array [
            "codebuildRole92FB11B8",
            "Arn",
          ],
        },
        "Source": Object {
          "BuildSpec": "ci-cd/build/buildspec.yaml",
          "Location": "https://bitbucket.org/myowner/shopify-app.git",
          "ReportBuildStatus": false,
          "Type": "BITBUCKET",
        },
        "Tags": Array [
          Object {
            "Key": "Name",
            "Value": "codebuild-shopify-app-build",
          },
        ],
        "TimeoutInMinutes": 10,
      },
      "Type": "AWS::CodeBuild::Project",
    },
    "codebuildRole92FB11B8": Object {
      "Properties": Object {
        "AssumeRolePolicyDocument": Object {
          "Statement": Array [
            Object {
              "Action": "sts:AssumeRole",
              "Effect": "Allow",
              "Principal": Object {
                "Service": "codebuild.amazonaws.com",
              },
            },
          ],
          "Version": "2012-10-17",
        },
      },
      "Type": "AWS::IAM::Role",
    },
    "codebuildRoleDefaultPolicy47F57BA5": Object {
      "Properties": Object {
        "PolicyDocument": Object {
          "Statement": Array [
            Object {
              "Action": Array [
                "logs:CreateLogGroup",
                "logs:CreateLogStream",
                "logs:PutLogEvents",
              ],
              "Effect": "Allow",
              "Resource": "*",
            },
            Object {
              "Action": Array [
                "s3:PutObject",
                "s3:GetObject",
                "s3:GetObjectVersion",
                "s3:GetBucketAcl",
                "s3:GetBucketLocation",
              ],
              "Effect": "Allow",
              "Resource": Array [
                Object {
                  "Fn::GetAtt": Array [
                    "shopifyappbuildD540C5AD",
                    "Arn",
                  ],
                },
                Object {
                  "Fn::Join": Array [
                    "",
                    Array [
                      Object {
                        "Fn::GetAtt": Array [
                          "shopifyappbuildD540C5AD",
                          "Arn",
                        ],
                      },
                      "/*",
                    ],
                  ],
                },
              ],
            },
            Object {
              "Action": Array [
                "s3:GetObject*",
                "s3:GetBucket*",
                "s3:List*",
                "s3:DeleteObject*",
                "s3:PutObject*",
                "s3:Abort*",
              ],
              "Effect": "Allow",
              "Resource": Array [
                Object {
                  "Fn::GetAtt": Array [
                    "shopifyappbuildD540C5AD",
                    "Arn",
                  ],
                },
                Object {
                  "Fn::Join": Array [
                    "",
                    Array [
                      Object {
                        "Fn::GetAtt": Array [
                          "shopifyappbuildD540C5AD",
                          "Arn",
                        ],
                      },
                      "/*",
                    ],
                  ],
                },
              ],
            },
            Object {
              "Action": Array [
                "logs:CreateLogGroup",
                "logs:CreateLogStream",
                "logs:PutLogEvents",
              ],
              "Effect": "Allow",
              "Resource": Array [
                Object {
                  "Fn::Join": Array [
                    "",
                    Array [
                      "arn:",
                      Object {
                        "Ref": "AWS::Partition",
                      },
                      ":logs:",
                      Object {
                        "Ref": "AWS::Region",
                      },
                      ":",
                      Object {
                        "Ref": "AWS::AccountId",
                      },
                      ":log-group:/aws/codebuild/",
                      Object {
                        "Ref": "CodebuildEE61DA16",
                      },
                    ],
                  ],
                },
                Object {
                  "Fn::Join": Array [
                    "",
                    Array [
                      "arn:",
                      Object {
                        "Ref": "AWS::Partition",
                      },
                      ":logs:",
                      Object {
                        "Ref": "AWS::Region",
                      },
                      ":",
                      Object {
                        "Ref": "AWS::AccountId",
                      },
                      ":log-group:/aws/codebuild/",
                      Object {
                        "Ref": "CodebuildEE61DA16",
                      },
                      ":*",
                    ],
                  ],
                },
              ],
            },
            Object {
              "Action": Array [
                "codebuild:CreateReportGroup",
                "codebuild:CreateReport",
                "codebuild:UpdateReport",
                "codebuild:BatchPutTestCases",
                "codebuild:BatchPutCodeCoverages",
              ],
              "Effect": "Allow",
              "Resource": Object {
                "Fn::Join": Array [
                  "",
                  Array [
                    "arn:",
                    Object {
                      "Ref": "AWS::Partition",
                    },
                    ":codebuild:",
                    Object {
                      "Ref": "AWS::Region",
                    },
                    ":",
                    Object {
                      "Ref": "AWS::AccountId",
                    },
                    ":report-group/",
                    Object {
                      "Ref": "CodebuildEE61DA16",
                    },
                    "-*",
                  ],
                ],
              },
            },
          ],
          "Version": "2012-10-17",
        },
        "PolicyName": "codebuildRoleDefaultPolicy47F57BA5",
        "Roles": Array [
          Object {
            "Ref": "codebuildRole92FB11B8",
          },
        ],
      },
      "Type": "AWS::IAM::Policy",
    },
    "shopifyappbuildD540C5AD": Object {
      "DeletionPolicy": "Delete",
      "Properties": Object {
        "BucketName": "codebuild-shopify-app-build-bucket",
        "LifecycleConfiguration": Object {
          "Rules": Array [
            Object {
              "ExpirationInDays": 30,
              "Status": "Enabled",
            },
          ],
        },
        "Tags": Array [
          Object {
            "Key": "Name",
            "Value": "shopify-app-build",
          },
        ],
      },
      "Type": "AWS::S3::Bucket",
      "UpdateReplacePolicy": "Delete",
    },
  },
}
`;
